// Jest Snapshot v1, https://goo.gl/fbAQLP

exports[`Book Details screen should render correctly 1`] = `
<RCTSafeAreaView
  style={
    Object {
      "backgroundColor": "#FFFFFF",
      "flex": 1,
    }
  }
>
  <View
    style={
      Object {
        "alignItems": "center",
        "backgroundColor": "#F5FCFF88",
        "bottom": 0,
        "justifyContent": "center",
        "left": 0,
        "position": "absolute",
        "right": 0,
        "top": 0,
      }
    }
  >
    <ActivityIndicator
      animating={true}
      color="#424BAF"
      size="large"
    />
  </View>
</RCTSafeAreaView>
`;

exports[`Book Details screen should render correctly and endpoint return success 1`] = `
<RCTSafeAreaView
  style={
    Object {
      "backgroundColor": "#FFFFFF",
      "flex": 1,
    }
  }
>
  <View
    style={
      Object {
        "alignItems": "center",
        "backgroundColor": "#F5FCFF88",
        "bottom": 0,
        "justifyContent": "center",
        "left": 0,
        "position": "absolute",
        "right": 0,
        "top": 0,
      }
    }
  >
    <ActivityIndicator
      animating={true}
      color="#424BAF"
      size="large"
    />
  </View>
</RCTSafeAreaView>
`;
